// Jest Snapshot v1, https://goo.gl/fbAQLP

exports[`ArtGalleryItem renders Sample 1`] = `
<body>
  <div>
    <div
      style="max-width: 500px;"
    >
      <article
        class="Flex_flexStyle__15ivi84i Flex_flexStyle_align_stretch__15ivi84u Flex_flexStyle_variants_align_stretch__15ivi849 Flex_flexStyle_direction_column__15ivi84k Flex_flexStyle_gap_100__15ivi84y Flex_flexStyle_variants_gap_100__15ivi84d Flex_flexStyle_justify_flexStart__15ivi84l Flex_flexStyle_variants_justify_flexStart__15ivi840"
      >
        <div>
          <img
            alt="Sample Art Title"
            class="ArtGalleryItem_artGalleryItemStyles_image__ddg6rx0"
            data-nimg="1"
            decoding="async"
            height="1500"
            loading="lazy"
            src="/_next/image?url=https%3A%2F%2Fplacehold.jp%2F3063D4%2Fffffff%2F2000x1500.png&w=3840&q=75"
            srcset="/_next/image?url=https%3A%2F%2Fplacehold.jp%2F3063D4%2Fffffff%2F2000x1500.png&w=3840&q=75 1x"
            style="color: transparent;"
            width="2500"
          />
        </div>
        <div
          class="Flex_flexStyle__15ivi84i Flex_flexStyle_align_stretch__15ivi84u Flex_flexStyle_variants_align_stretch__15ivi849 Flex_flexStyle_direction_row__15ivi84j Flex_flexStyle_gap_100__15ivi84y Flex_flexStyle_variants_gap_100__15ivi84d Flex_flexStyle_justify_flexStart__15ivi84l Flex_flexStyle_variants_justify_flexStart__15ivi840"
        >
          <div
            class="ArtGalleryItem_artGalleryItemStyles_titleWrapper__ddg6rx1"
          >
            <h3
              class="Text_textStyle__jzpfqde Text_textStyle_color_currentColor__jzpfqdi Text_textStyle_variants_color_currentColor__jzpfqd3 Text_textStyle_size_100__jzpfqdl Text_textStyle_variants_size_100__jzpfqd6 Text_textStyle_weight_bold__jzpfqdt"
            >
              Sample Art Title
            </h3>
          </div>
        </div>
      </article>
    </div>
  </div>
</body>
`;
