// Jest Snapshot v1, https://goo.gl/fbAQLP

exports[`BookView renders Sample 1`] = `
<body>
  <div>
    <div
      class="BookView_bookViewStyles_root__hx21440"
    >
      <div
        class="Flex_flexStyle__15ivi84i Flex_flexStyle_align_stretch__15ivi84u Flex_flexStyle_variants_align_stretch__15ivi849 Flex_flexStyle_direction_row__15ivi84j Flex_flexStyle_gap_200__15ivi84z Flex_flexStyle_variants_gap_200__15ivi84e Flex_flexStyle_justify_flexStart__15ivi84l Flex_flexStyle_variants_justify_flexStart__15ivi840"
      >
        <div
          class="BookView_bookViewStyles_imageWrapper__hx21441"
        >
          <img
            alt="BookTitle"
            src="https://placehold.jp/3063D4/ffffff/150x200.png"
            width="100"
          />
        </div>
        <div
          class="BookView_bookViewStyles_description__hx21442"
        >
          <div>
            <p
              class="Text_textStyle__jzpfqde Text_textStyle_color_currentColor__jzpfqdi Text_textStyle_variants_color_currentColor__jzpfqd3 Text_textStyle_size_300__jzpfqdn Text_textStyle_variants_size_300__jzpfqd8 Text_textStyle_weight_bold__jzpfqdt"
            >
              BookTitle
            </p>
          </div>
          <div>
            <div
              class="Flex_flexStyle__15ivi84i Flex_flexStyle_align_stretch__15ivi84u Flex_flexStyle_variants_align_stretch__15ivi849 Flex_flexStyle_direction_row__15ivi84j Flex_flexStyle_gap_50__15ivi84x Flex_flexStyle_variants_gap_50__15ivi84c Flex_flexStyle_justify_flexStart__15ivi84l Flex_flexStyle_variants_justify_flexStart__15ivi840"
            >
              <span
                class="Text_textStyle__jzpfqde Text_textStyle_color_secondary__jzpfqdg Text_textStyle_variants_color_secondary__jzpfqd1 Text_textStyle_size_50__jzpfqdj Text_textStyle_variants_size_50__jzpfqd4 Text_textStyle_weight_normal__jzpfqdu"
              >
                syakoo
              </span>
              <span
                class="Text_textStyle__jzpfqde Text_textStyle_color_secondary__jzpfqdg Text_textStyle_variants_color_secondary__jzpfqd1 Text_textStyle_size_50__jzpfqdj Text_textStyle_variants_size_50__jzpfqd4 Text_textStyle_weight_normal__jzpfqdu"
              >
                2022-04-07
              </span>
            </div>
            <a
              class="Link_linkStyle__m4v9430 Link_linkStyle_colored_true__m4v9431 Link_linkStyle_underlined_true__m4v9432"
              href="/"
            >
              <span
                class="Text_textStyle__jzpfqde Text_textStyle_color_currentColor__jzpfqdi Text_textStyle_variants_color_currentColor__jzpfqd3 Text_textStyle_size_50__jzpfqdj Text_textStyle_variants_size_50__jzpfqd4 Text_textStyle_weight_normal__jzpfqdu"
              >
                Amazon
              </span>
            </a>
          </div>
        </div>
      </div>
    </div>
  </div>
</body>
`;
