// Jest Snapshot v1, https://goo.gl/fbAQLP

exports[`WritingTab スナップショット Sample 1`] = `
<body>
  <div>
    <div
      class="Flex_flexStyle__15ivi84i Flex_flexStyle_align_stretch__15ivi84u Flex_flexStyle_variants_align_stretch__15ivi849 Flex_flexStyle_direction_row__15ivi84j Flex_flexStyle_gap_100__15ivi84y Flex_flexStyle_variants_gap_100__15ivi84d Flex_flexStyle_justify_flexStart__15ivi84l Flex_flexStyle_variants_justify_flexStart__15ivi840"
    >
      <a
        class="Link_linkStyle__m4v9430 Link_linkStyle_noHovered_true__m4v9433"
        href="/writings"
      >
        <div
          aria-current="true"
          class="WritingTab_writingTabStyle_item__1s7we910 WritingTab_writingTabStyle_item_active_true__1s7we911"
        >
          All
        </div>
      </a>
      <a
        class="Link_linkStyle__m4v9430"
        href="/writings?type=article"
      >
        <div
          aria-current="false"
          class="WritingTab_writingTabStyle_item__1s7we910 WritingTab_writingTabStyle_item_active_false__1s7we912"
        >
          Article
        </div>
      </a>
      <a
        class="Link_linkStyle__m4v9430"
        href="/writings?type=note"
      >
        <div
          aria-current="false"
          class="WritingTab_writingTabStyle_item__1s7we910 WritingTab_writingTabStyle_item_active_false__1s7we912"
        >
          Note
        </div>
      </a>
      <a
        class="Link_linkStyle__m4v9430"
        href="/writings?type=diary"
      >
        <div
          aria-current="false"
          class="WritingTab_writingTabStyle_item__1s7we910 WritingTab_writingTabStyle_item_active_false__1s7we912"
        >
          Diary
        </div>
      </a>
    </div>
  </div>
</body>
`;
