// Jest Snapshot v1, https://goo.gl/fbAQLP

exports[`WritingDetail スナップショット Sample 1`] = `
<body>
  <div>
    <div
      class="fade-in_fadeInStyle__mal1bb1"
      style="animation-duration: 0.5s; animation-delay: 0s;"
    >
      <article
        class="writing-detail_writingDetailStyles_root__jsewnw0"
      >
        <div
          class="writing-detail_writingDetailStyles_headerWrapper__jsewnw1"
        >
          <header>
            <h1
              class="text_textStyle__xbx8xue text_textStyle_color_currentColor__xbx8xui text_textStyle_variants_color_currentColor__xbx8xu3 text_textStyle_size_600__xbx8xuq text_textStyle_variants_size_600__xbx8xub text_textStyle_weight_bold__xbx8xut"
            >
              Sample Article
            </h1>
            <div
              aria-hidden="true"
              class="spacer__1k4u8xae spacer_spacerStyle_y_100__1k4u8xao spacer_spacerStyle_variants_y_100__1k4u8xa9"
            />
            <div
              class="flex_flexStyle__12xne02i flex_flexStyle_align_stretch__12xne02u flex_flexStyle_variants_align_stretch__12xne029 flex_flexStyle_direction_row__12xne02j flex_flexStyle_gap_100__12xne02y flex_flexStyle_variants_gap_100__12xne02d flex_flexStyle_justify_flexStart__12xne02l flex_flexStyle_variants_justify_flexStart__12xne020"
            >
              <div
                class="flex_flexStyle__12xne02i flex_flexStyle_align_center__12xne02s flex_flexStyle_variants_align_center__12xne027 flex_flexStyle_direction_row__12xne02j flex_flexStyle_gap_50__12xne02x flex_flexStyle_variants_gap_50__12xne02c flex_flexStyle_justify_flexStart__12xne02l flex_flexStyle_variants_justify_flexStart__12xne020"
              >
                <svg
                  fill="none"
                  stroke="var(--color-text-secondary__13jk9q1d)"
                  stroke-width="1.5"
                  viewBox="0 0 24 24"
                  width="1em"
                  xmlns="http://www.w3.org/2000/svg"
                >
                  <path
                    d="M19.5 14.25v-2.625a3.375 3.375 0 00-3.375-3.375h-1.5A1.125 1.125 0 0113.5 7.125v-1.5a3.375 3.375 0 00-3.375-3.375H8.25m0 12.75h7.5m-7.5 3H12M10.5 2.25H5.625c-.621 0-1.125.504-1.125 1.125v17.25c0 .621.504 1.125 1.125 1.125h12.75c.621 0 1.125-.504 1.125-1.125V11.25a9 9 0 00-9-9z"
                    stroke-linecap="round"
                    stroke-linejoin="round"
                  />
                </svg>
                <p
                  class="text_textStyle__xbx8xue text_textStyle_color_secondary__xbx8xug text_textStyle_variants_color_secondary__xbx8xu1 text_textStyle_size_75__xbx8xuk text_textStyle_variants_size_75__xbx8xu5 text_textStyle_weight_normal__xbx8xuu"
                >
                  Article
                </p>
              </div>
              <p
                class="text_textStyle__xbx8xue text_textStyle_color_secondary__xbx8xug text_textStyle_variants_color_secondary__xbx8xu1 text_textStyle_size_75__xbx8xuk text_textStyle_variants_size_75__xbx8xu5 text_textStyle_weight_normal__xbx8xuu"
              >
                #
                雑記
              </p>
              <p
                class="text_textStyle__xbx8xue text_textStyle_color_secondary__xbx8xug text_textStyle_variants_color_secondary__xbx8xu1 text_textStyle_size_75__xbx8xuk text_textStyle_variants_size_75__xbx8xu5 text_textStyle_weight_normal__xbx8xuu"
              >
                #
                Sample
              </p>
            </div>
            <div>
              <a
                class="link_linkStyle__jc9bkl0"
                href="/"
              >
                <span
                  class="text_textStyle__xbx8xue text_textStyle_color_secondary__xbx8xug text_textStyle_variants_color_secondary__xbx8xu1 text_textStyle_size_75__xbx8xuk text_textStyle_variants_size_75__xbx8xu5 text_textStyle_weight_normal__xbx8xuu"
                >
                  syakoo
                </span>
              </a>
              <span
                class="text_textStyle__xbx8xue text_textStyle_color_secondary__xbx8xug text_textStyle_variants_color_secondary__xbx8xu1 text_textStyle_size_75__xbx8xuk text_textStyle_variants_size_75__xbx8xu5 text_textStyle_weight_normal__xbx8xuu"
              >
                ・
                <time
                  datetime="2023-10-09"
                >
                  2023-10-09
                </time>
              </span>
            </div>
          </header>
        </div>
        <div
          class="writing-detail_writingDetailStyles_contentWrapper__jsewnw2"
        >
          <aside
            class="note_noteStyles_root__1sjosdw0 note_noteStyles_root_variant_warn__1sjosdw2"
          >
            <div
              class="note_noteStyles_iconWrapper__1sjosdw3 note_noteStyles_iconWrapper_variant_warn__1sjosdw5"
            >
              <svg
                fill="none"
                stroke="currentColor"
                stroke-width="1.5"
                viewBox="0 0 24 24"
                xmlns="http://www.w3.org/2000/svg"
              >
                <path
                  d="M12 9v3.75m-9.303 3.376c-.866 1.5.217 3.374 1.948 3.374h14.71c1.73 0 2.813-1.874 1.948-3.374L13.949 3.378c-.866-1.5-3.032-1.5-3.898 0L2.697 16.126zM12 15.75h.007v.008H12v-.008z"
                  stroke-linecap="round"
                  stroke-linejoin="round"
                />
              </svg>
            </div>
            <div>
              この記事は古い内容である可能性があります。
            </div>
          </aside>
          <p>
            Sample MDX Component
          </p>
          <h2>
            Sample Title
          </h2>
          <div
            aria-hidden="true"
            class="spacer__1k4u8xae spacer_spacerStyle_y_400__1k4u8xar spacer_spacerStyle_variants_y_400__1k4u8xac"
          />
          <hr />
          <div
            aria-hidden="true"
            class="spacer__1k4u8xae spacer_spacerStyle_y_100__1k4u8xao spacer_spacerStyle_variants_y_100__1k4u8xa9"
          />
          <aside>
            <section
              class="flex_flexStyle__12xne02i flex_flexStyle_align_stretch__12xne02u flex_flexStyle_variants_align_stretch__12xne029 flex_flexStyle_direction_column__12xne02k flex_flexStyle_gap_50__12xne02x flex_flexStyle_variants_gap_50__12xne02c flex_flexStyle_justify_flexStart__12xne02l flex_flexStyle_variants_justify_flexStart__12xne020"
            >
              <div
                class="flex_flexStyle__12xne02i flex_flexStyle_align_center__12xne02s flex_flexStyle_variants_align_center__12xne027 flex_flexStyle_direction_row__12xne02j flex_flexStyle_gap_50__12xne02x flex_flexStyle_variants_gap_50__12xne02c flex_flexStyle_justify_flexStart__12xne02l flex_flexStyle_variants_justify_flexStart__12xne020"
              >
                <svg
                  fill="none"
                  stroke="currentColor"
                  stroke-width="1.5"
                  viewBox="0 0 24 24"
                  width="1em"
                  xmlns="http://www.w3.org/2000/svg"
                >
                  <path
                    d="M19.5 14.25v-2.625a3.375 3.375 0 00-3.375-3.375h-1.5A1.125 1.125 0 0113.5 7.125v-1.5a3.375 3.375 0 00-3.375-3.375H8.25m0 12.75h7.5m-7.5 3H12M10.5 2.25H5.625c-.621 0-1.125.504-1.125 1.125v17.25c0 .621.504 1.125 1.125 1.125h12.75c.621 0 1.125-.504 1.125-1.125V11.25a9 9 0 00-9-9z"
                    stroke-linecap="round"
                    stroke-linejoin="round"
                  />
                </svg>
                <p
                  class="text_textStyle__xbx8xue text_textStyle_color_currentColor__xbx8xui text_textStyle_variants_color_currentColor__xbx8xu3 text_textStyle_size_100__xbx8xul text_textStyle_variants_size_100__xbx8xu6 text_textStyle_weight_bold__xbx8xut"
                >
                  Article
                </p>
              </div>
              <div>
                <p
                  class="text_textStyle__xbx8xue text_textStyle_color_secondary__xbx8xug text_textStyle_variants_color_secondary__xbx8xu1 text_textStyle_size_75__xbx8xuk text_textStyle_variants_size_75__xbx8xu5 text_textStyle_weight_normal__xbx8xuu"
                >
                  Article は気合いの入った文書を残しています。
                </p>
              </div>
            </section>
          </aside>
        </div>
        <aside
          class="writing-detail_writingDetailStyles_asideWrapper__jsewnw3"
        >
          <div
            class="writing-detail_writingDetailStyles_stickyContainer__jsewnw4"
          >
            <nav>
              <p
                class="text_textStyle__xbx8xue text_textStyle_color_currentColor__xbx8xui text_textStyle_variants_color_currentColor__xbx8xu3 text_textStyle_size_100__xbx8xul text_textStyle_variants_size_100__xbx8xu6 text_textStyle_weight_bold__xbx8xut"
              >
                目次
              </p>
              <ul
                class="toc_tocStyles_list__1yz9ns40"
              >
                <li
                  class="toc_tocStyles_item__1yz9ns41"
                >
                  <a
                    class="link_linkStyle__jc9bkl0 link_linkStyle_noHovered_true__jc9bkl3 link_linkStyle_display_block__jc9bkl4"
                    href="#"
                  >
                    Sample Title
                  </a>
                </li>
              </ul>
            </nav>
          </div>
        </aside>
      </article>
    </div>
  </div>
  <script
    src="https://platform.twitter.com/widgets.js"
  />
</body>
`;
